2025-11-22 22:24:20,500 - INFO - Pipeline started.
2025-11-22 22:24:20,502 - ERROR - Pipeline failed: [Errno 2] No such file or directory: '..\\raw\\day1_bakery_sales.csv'
2025-11-22 22:24:37,053 - INFO - Pipeline started.
2025-11-22 22:24:37,053 - ERROR - Pipeline failed: [Errno 2] No such file or directory: '..\\raw\\day1_bakery_sales.csv'
2025-11-23 21:54:45,918 - INFO - Pipeline started.
2025-11-23 21:54:45,923 - ERROR - Pipeline failed: [Errno 2] No such file or directory: '..\\raw\\day1_bakery_sales.csv'
2025-11-24 05:27:59,655 - INFO - Pipeline started.
2025-11-24 05:27:59,666 - ERROR - Pipeline failed: [Errno 2] No such file or directory: '..\\raw\\day1_bakery_sales.csv'
2025-11-25 11:03:35,182 - INFO - Pipeline started.
2025-11-25 11:03:35,199 - ERROR - Pipeline failed: [Errno 2] No such file or directory: '..\\raw\\day1_bakery_sales.csv'
2025-11-25 11:04:22,265 - INFO - Pipeline started.
2025-11-25 11:04:22,265 - ERROR - Pipeline failed: [Errno 2] No such file or directory: '..\\raw\\day1_bakery_sales.csv'
2025-11-25 11:13:10,286 - INFO - Pipeline started.
2025-11-25 11:13:10,525 - INFO - Pipeline completed successfully.
2026-01-01 21:44:30,888 - INFO - Pipeline started for 01_bakery_sales.csv - 103
2026-01-01 21:44:30,892 - ERROR - Pipeline failed: [Errno 2] No such file or directory: 'data\\raw\\01_bakery_sales.csv' - 126
2026-01-01 21:45:57,336 - INFO - Pipeline started for 01_bakery_sales.csv - 105
2026-01-01 21:45:57,336 - ERROR - Pipeline failed: [Errno 2] No such file or directory: 'D:\\Learnings\\de_project\\etl\\data\\raw\\01_bakery_sales.csv' - 128
2026-01-01 21:47:02,649 - INFO - Pipeline started for 01_bakery_sales.csv - 112
2026-01-01 21:47:02,790 - INFO - Pipeline completed successfully for 01_bakery_sales.csv - 129
